2025-03-19 08:55:02,449 INFO o.a.j.u.JMeterUtils: Setting Locale to en_EN
2025-03-19 08:55:02,479 INFO o.a.j.JMeter: Loading user properties from: user.properties
2025-03-19 08:55:02,481 INFO o.a.j.JMeter: Loading system properties from: system.properties
2025-03-19 08:55:02,481 INFO o.a.j.JMeter: Copyright (c) 1998-2024 The Apache Software Foundation
2025-03-19 08:55:02,481 INFO o.a.j.JMeter: Version 5.6.3
2025-03-19 08:55:02,481 INFO o.a.j.JMeter: java.version=23.0.2
2025-03-19 08:55:02,481 INFO o.a.j.JMeter: java.vm.name=Java HotSpot(TM) 64-Bit Server VM
2025-03-19 08:55:02,481 INFO o.a.j.JMeter: os.name=Windows 11
2025-03-19 08:55:02,481 INFO o.a.j.JMeter: os.arch=amd64
2025-03-19 08:55:02,481 INFO o.a.j.JMeter: os.version=10.0
2025-03-19 08:55:02,481 INFO o.a.j.JMeter: file.encoding=UTF-8
2025-03-19 08:55:02,481 INFO o.a.j.JMeter: java.awt.headless=null
2025-03-19 08:55:02,481 INFO o.a.j.JMeter: Max memory     =1073741824
2025-03-19 08:55:02,481 INFO o.a.j.JMeter: Available Processors =20
2025-03-19 08:55:02,496 INFO o.a.j.JMeter: Default Locale=English (EN)
2025-03-19 08:55:02,496 INFO o.a.j.JMeter: JMeter  Locale=English (EN)
2025-03-19 08:55:02,496 INFO o.a.j.JMeter: JMeterHome=C:\Ezra\專題製作\Project_1\ecommerce-test\apache-jmeter-5.6.3
2025-03-19 08:55:02,496 INFO o.a.j.JMeter: user.dir  =C:\Ezra\專題製作\Project_1\ecommerce-test\apache-jmeter-5.6.3\bin
2025-03-19 08:55:02,496 INFO o.a.j.JMeter: PWD       =C:\Ezra\專題製作\Project_1\ecommerce-test\apache-jmeter-5.6.3\bin
2025-03-19 08:55:02,496 INFO o.a.j.JMeter: IP: 100.108.212.8 Name: AI-02 FullName: ai-02.tail605d94.ts.net.
2025-03-19 08:55:02,496 INFO o.a.j.JMeter: Loaded icon properties from org/apache/jmeter/images/icon.properties
2025-03-19 08:55:02,659 INFO o.a.j.JMeterGuiLauncher: Setting LAF to: com.github.weisj.darklaf.DarkLaf:com.github.weisj.darklaf.theme.DarculaTheme
2025-03-19 08:55:03,557 INFO o.a.j.r.ClassFinder: Will scan jar C:\Ezra\專題製作\Project_1\ecommerce-test\apache-jmeter-5.6.3\lib\ext\jmeter-plugins-casutg-3.0.jar with filter ExtendsClassFilter [parents=[interface org.apache.jmeter.gui.action.Command], inner=false, contains=null, notContains=null]. Consider exposing JMeter plugins via META-INF/services, and add JMeter-Skip-Class-Scanning=true manifest attribute so JMeter can skip classfile scanning
2025-03-19 08:55:03,573 INFO o.a.j.r.ClassFinder: Will scan jar C:\Ezra\專題製作\Project_1\ecommerce-test\apache-jmeter-5.6.3\lib\ext\jmeter-plugins-manager-1.10.jar with filter ExtendsClassFilter [parents=[interface org.apache.jmeter.gui.action.Command], inner=false, contains=null, notContains=null]. Consider exposing JMeter plugins via META-INF/services, and add JMeter-Skip-Class-Scanning=true manifest attribute so JMeter can skip classfile scanning
2025-03-19 08:55:03,651 INFO o.a.j.r.ClassFinder: Will scan jar C:\Ezra\專題製作\Project_1\ecommerce-test\apache-jmeter-5.6.3\lib\ext\jmeter-plugins-casutg-3.0.jar with filter ExtendsClassFilter [parents=[interface org.apache.jmeter.gui.plugin.MenuCreator], inner=false, contains=null, notContains=null]. Consider exposing JMeter plugins via META-INF/services, and add JMeter-Skip-Class-Scanning=true manifest attribute so JMeter can skip classfile scanning
2025-03-19 08:55:03,651 INFO o.a.j.r.ClassFinder: Will scan jar C:\Ezra\專題製作\Project_1\ecommerce-test\apache-jmeter-5.6.3\lib\ext\jmeter-plugins-manager-1.10.jar with filter ExtendsClassFilter [parents=[interface org.apache.jmeter.gui.plugin.MenuCreator], inner=false, contains=null, notContains=null]. Consider exposing JMeter plugins via META-INF/services, and add JMeter-Skip-Class-Scanning=true manifest attribute so JMeter can skip classfile scanning
2025-03-19 08:55:03,737 INFO o.j.r.JARSourceHTTP: Requesting https://jmeter-plugins.org/repo/?installID=windows_11-dc9984d546469ff9fdb08945ed120a27-gui
2025-03-19 08:55:05,701 INFO o.j.r.PluginManager: Plugins Status: [jpgc-casutg=3.0, jpgc-plugins-manager=1.10, jmeter-core=5.6.3, jmeter-ftp=5.6.3, jmeter-http=5.6.3, jmeter-jdbc=5.6.3, jmeter-jms=5.6.3, jmeter-junit=5.6.3, jmeter-java=5.6.3, jmeter-ldap=5.6.3, jmeter-mail=5.6.3, jmeter-mongodb=5.6.3, jmeter-native=5.6.3, jmeter-tcp=5.6.3, jmeter-components=5.6.3]
